# 引用機械検証ログ(2026-08-16 02:32 JST)
# 対象: refs.bib / 全 18 件 / 未解決 0 件
[RESOLVED] grimmettli: doi:10.1214/22-EJP804 -> OK (HTTP 200) | arXiv:2009.02495 -> OK (Brownian snails with removal: epidemics in diffusing populations)
[RESOLVED] ks05: doi:10.1214/009117905000000413 -> OK (HTTP 200) | arXiv:math/0312496 -> OK (The spread of a rumor or infection in a moving population)
[RESOLVED] ks08: doi:10.4007/annals.2008.167.701 -> OK (HTTP 200) | arXiv:math/0312511 -> OK (A shape theorem for the spread of an infection)
[RESOLVED] linkerremenik: doi:10.1214/20-EJP480 -> OK (HTTP 200) | arXiv:1905.02641 -> OK (The contact process with dynamic edges on $\mathbb{Z}$)
[RESOLVED] liggett95: doi:10.1214/aoap/1177004698 -> OK (HTTP 200)
[RESOLVED] lss97: doi:10.1214/aop/1024404279 -> OK (HTTP 200)
[RESOLVED] penrose: doi:10.1093/acprof:oso/9780198506263.001.0001 -> OK (doi.org HTTP 403; Crossref OK: Random Geometric Graphs)
[RESOLVED] meesterroy: doi:10.1017/CBO9780511895357 -> OK (HTTP 200)
[RESOLVED] franceschetti: doi:10.1007/s10955-004-8826-0 -> OK (HTTP 200)
[RESOLVED] dauvergnesly: doi:10.1007/s00440-023-01216-6 -> OK (HTTP 200) | arXiv:2105.11947 -> OK (Spread of infections in a heterogeneous moving population)
[RESOLVED] bromantykesson: doi:10.1214/14-AIHP641 -> OK (HTTP 200) | arXiv:1304.6357 -> OK (Connectedness of Poisson cylinders in Euclidean space)
[RESOLVED] hyytiaott: doi:10.1109/INFCOM.2013.6566787 -> OK (HTTP 202) | arXiv:1208.0505 -> OK (Criticality of Large Delay Tolerant Networks via Directed Continuum Percolation )
[RESOLVED] peruanisibona: doi:10.1103/PhysRevLett.100.168103 -> OK (HTTP 200)
[RESOLVED] rodriguez19: doi:10.1038/s41598-019-42871-x -> OK (HTTP 200) | arXiv:1810.07169 -> OK (Particle velocity controls phase transitions in contagion dynamics)
[RESOLVED] cn19: doi:10.3847/1538-3881/ab31a3 -> OK (HTTP 200) | arXiv:1902.04450 -> OK (The Fermi Paradox and the Aurora Effect: Exo-civilization Settlement, Expansion )
[RESOLVED] baldassostauffer: doi:10.1016/j.spa.2023.03.008 -> OK (HTTP 200) | arXiv:2107.13946 -> OK (Local and global survival for infections with recovery)
[RESOLVED] lastpenrose: doi:10.1017/9781316104477 -> OK (HTTP 200)
[RESOLVED] lichev: doi:10.1016/j.spa.2023.07.008 -> OK (HTTP 200) | arXiv:2205.10923 -> OK (On the first and second largest components in the percolated Random Geometric Gr)
