# 本体論文 品質ゲート検査ログ(2026-08-16 18:39 JST)— 7ゲート(裁定#16/#17)

## ゲート1: 文言統一(過大主張・照会前提の残存ゼロ)
  'truly differ': 0 件
  '真に異なる': 0 件
  '証明した': 0 件
  'proves that visitation': 0 件
  '照会予定': 0 件
  'we will inquire': 0 件
  '確実に': 0 件
  'certainly': 0 件

## ゲート2: 引用機械検証
# 対象: wake_refs.bib / 全 17 件 / 未解決 0 件

## ゲート3: 数値一貫性(本文 vs JSON/文書)
  '4.49\|4.5\^': EN=4 JA=4
  '137.3': EN=1 JA=1
  '5.0\times10\^{-3}': EN=3 JA=3
  '6.8\times10\^{-2}': EN=1 JA=1
  '23.7': EN=2 JA=2
  '21.3': EN=1 JA=1
  '5.3': EN=4 JA=3
  '1{,}323': EN=1 JA=1
  '646': EN=1 JA=1
  '2{,}197': EN=1 JA=1
  '56{,}286': EN=2 JA=2
  '697': EN=1 JA=1
  '5.8': EN=4 JA=4
  '0.19': EN=1 JA=1
  '3.7\times10\^{-5}': EN=1 JA=1
  JSON照合: f*式=1 / カタログclean 1pc=4.485 / 網Δv=5.93

## ゲート4: f* 定義の両所在(補強3)
  本文(EN): 0 箇所 / 本文(JA): 0 箇所 / JSON: 1 箇所

## ゲート5: 解釈規律(論文 grep 版)
  'FGK': EN=5 JA=5(>0 要求)
  'undecidable\|判定不能': EN=11 JA=11(>0 要求)
  'surveying, not proof\|測量であって証明ではない': EN=3 JA=3(>0 要求)
  'conditional probability\|条件付き確率文': EN=1 JA=1(>0 要求)

## ゲート6: コンパイル
  wake_en.pdf: OK(204262B)/ wake_ja.pdf: OK(458731B)

## ゲート7: 日英数値一貫性(機械抽出比較)
  数値集合: EN 63 / JA 56 / EN のみ ['0.026', '1.3234', '1.324', '24.1', '3.0', '5.7', '5.9'] / JA のみ []
  判定: 差分あり — 要目視確認
## ゲート4(修正版): f* 定義の両所在
  本文(EN): 1 / 本文(JA): 1 / JSON: 1(全て >0 = PASS)
## ゲート7(修正版検査器): 日英数値一貫性
  EN 66 / JA 65 / ENのみ ['3.0'] / JAのみ []
  判定: 差分要確認

## ゲート7 最終判定: PASS(完全一致)

# ===== 通読指摘 F1–F5 反映後の再走(2026-08-16)=====
# 反映: F1 付録A/D実文章化(B/C=アーカイブ同梱+参照方式)/ F2 §4 matching→consistent with
# / F3 本追記 / F4 em-dash削減(EN≤1/段落・JA全廃、ゲート1に計数検査追加)
# / F5 著者ブロック(Independent Researcher, Tokyo / ORCID 0009-0005-3401-9230)
# 参照追加: bb22(Bobylev & Bajkova 2022, Astron. Lett. 48, 542 — Crossref 機械検証済み、計18件)
# 検査器: scripts/gate_check_paper.py(恒久化 — 本走はこの版が正)

## ゲート7 '3.0' の解消経緯(F3)
# 初走(2026-08-16 18:39)のゲート7で EN のみ集合に ['3.0'] が残った。
# 出所は付録C のビン幅走査範囲「Δt = 0.5→3.0 Myr」で、当時の和文付録C
# (ブラケット要約)に走査範囲の上端 3.0 が未記載だったため。和文付録Cに
# 走査範囲を追記して解消し、初走ログ末尾の「ゲート7 最終判定: PASS(完全一致)」
# はその修正後の判定である。今回 F1 で両版の付録Cを本文化した際も
# 0.5→3.0 の範囲を両版に保持し、下記のとおり完全一致を維持した。

## ゲート1: 文言統一+em-dash 削減(F4)
  [PASS] 禁止語 'truly differ' = 0 — 0 件
  [PASS] 禁止語 '真に異なる' = 0 — 0 件
  [PASS] 禁止語 '証明した' = 0 — 0 件
  [PASS] 禁止語 'proves that visitation' = 0 — 0 件
  [PASS] 禁止語 '照会予定' = 0 — 0 件
  [PASS] 禁止語 'we will inquire' = 0 — 0 件
  [PASS] 禁止語 '確実に' = 0 — 0 件
  [PASS] 禁止語 'certainly' = 0 — 0 件
  [PASS] 禁止語 ', matching' = 0 — 0 件
  [PASS] EN em-dash ≤1/段落 — 超過段落 []
  [PASS] JA em-dash 全廃 — 0 件
## ゲート2: 引用機械検証
  [PASS] verify_refs ALL RESOLVED — ALL RESOLVED
## ゲート3: 数値一貫性(本文 vs JSON)
  [PASS] カタログ clean IPW 1pc = 4.485(本文 4.49/4.5)
  [PASS] 網 Δv(0.1pc) = 5.93
  [PASS] f*(3.07,10) ≈ 5.0e-3(JSON 再計算) — 5.030e-03
  [PASS] '4.49' EN=1 JA=1
  [PASS] '137.3' EN=1 JA=1
  [PASS] '5.0\times10^{-3}' EN=3 JA=3
  [PASS] '23.7' EN=2 JA=2
  [PASS] '21.3' EN=1 JA=1
  [PASS] '1{,}323' EN=1 JA=1
  [PASS] '646' EN=2 JA=2
  [PASS] '2{,}197' EN=2 JA=2
  [PASS] '56{,}286' EN=2 JA=2
  [PASS] '697' EN=1 JA=1
  [PASS] '5.8' EN=4 JA=4
  [PASS] '0.19' EN=1 JA=1
## ゲート4: f* 定義規約の両所在(補強3)
  [PASS] f* 規約 本文(EN/JA)+JSON — EN=1 JA=1 JSON=True
## ゲート5: 解釈規律
  [PASS] 'FGK' EN=6 JA=6(>0)
  [PASS] 'undecidable|判定不能' EN=13 JA=15(>0)
  [PASS] 'surveying, not proof|測量であって証明ではない' EN=3 JA=3(>0)
  [PASS] 'conditional probability|条件付き確率文' EN=1 JA=1(>0)
## ゲート6: コンパイル
  [PASS] tectonic wake_en.tex — 218843B
  [PASS] tectonic wake_ja.tex — 504574B
## ゲート7: 日英数値集合の完全一致(小数抽出)
  [PASS] 数値集合 EN 98 / JA 98 — ENのみ [] / JAのみ []

結果: 全ゲート PASS
